// Jest Snapshot v1, https://goo.gl/fbAQLP

exports[`AllBookings Component matches the snapshot 1`] = `
<div
  className="Loading"
>
  <h1>
     Loading... 
  </h1>
  <img
    src="http://i79.photobucket.com/albums/j157/mdcummings1/guitar.gif"
  />
</div>
`;
